[ +276 ms] Unable to locate an Android SDK.
[   +6 ms] Artifact Instance of 'MaterialFonts' is not required, skipping update.
[        ] Artifact Instance of 'GradleWrapper' is not required, skipping update.
[        ] Artifact Instance of 'AndroidGenSnapshotArtifacts' is not required, skipping update.
[        ] Artifact Instance of 'AndroidInternalBuildArtifacts' is not required, skipping update.
[        ] Artifact Instance of 'IOSEngineArtifacts' is not required, skipping update.
[        ] Artifact Instance of 'FlutterWebSdk' is not required, skipping update.
[   +5 ms] Artifact Instance of 'LegacyCanvasKitRemover' is not required, skipping update.
[        ] Artifact Instance of 'FlutterSdk' is not required, skipping update.
[        ] Artifact Instance of 'WindowsEngineArtifacts' is not required, skipping update.
[        ] Artifact Instance of 'MacOSEngineArtifacts' is not required, skipping update.
[        ] Artifact Instance of 'LinuxEngineArtifacts' is not required, skipping update.
[        ] Artifact Instance of 'LinuxFuchsiaSDKArtifacts' is not required, skipping update.
[        ] Artifact Instance of 'MacOSFuchsiaSDKArtifacts' is not required, skipping update.
[        ] Artifact Instance of 'FlutterRunnerSDKArtifacts' is not required, skipping update.
[        ] Artifact Instance of 'FlutterRunnerDebugSymbols' is not required, skipping update.
[        ] Artifact Instance of 'IosUsbArtifacts' is not required, skipping update.
[        ] Artifact Instance of 'IosUsbArtifacts' is not required, skipping update.
[        ] Artifact Instance of 'IosUsbArtifacts' is not required, skipping update.
[        ] Artifact Instance of 'IosUsbArtifacts' is not required, skipping update.
[        ] Artifact Instance of 'IosUsbArtifacts' is not required, skipping update.
[        ] Artifact Instance of 'IosUsbArtifacts' is not required, skipping update.
[        ] Artifact Instance of 'FontSubsetArtifacts' is not required, skipping update.
[        ] Artifact Instance of 'PubDependencies' is not required, skipping update.
[        ] executing: [C:\src\flutter/] git -c log.showSignature=false log HEAD -n 1 --pretty=format:%ad --date=iso
[  +41 ms] Exit code 0 from: git -c log.showSignature=false log HEAD -n 1 --pretty=format:%ad --date=iso
[        ] 2025-12-11 11:50:07 -0500
[  +38 ms] Artifact Instance of 'AndroidGenSnapshotArtifacts' is not required, skipping update.
[        ] Artifact Instance of 'AndroidInternalBuildArtifacts' is not required, skipping update.
[        ] Artifact Instance of 'IOSEngineArtifacts' is not required, skipping update.
[        ] Artifact Instance of 'FlutterWebSdk' is not required, skipping update.
[        ] Artifact Instance of 'FlutterEngineStamp' is not required, skipping update.
[        ] Artifact Instance of 'LegacyCanvasKitRemover' is not required, skipping update.
[   +2 ms] Artifact Instance of 'WindowsEngineArtifacts' is not required, skipping update.
[        ] Artifact Instance of 'MacOSEngineArtifacts' is not required, skipping update.
[        ] Artifact Instance of 'LinuxEngineArtifacts' is not required, skipping update.
[        ] Artifact Instance of 'LinuxFuchsiaSDKArtifacts' is not required, skipping update.
[        ] Artifact Instance of 'MacOSFuchsiaSDKArtifacts' is not required, skipping update.
[        ] Artifact Instance of 'FlutterRunnerSDKArtifacts' is not required, skipping update.
[        ] Artifact Instance of 'FlutterRunnerDebugSymbols' is not required, skipping update.
[ +126 ms] Artifact Instance of 'MaterialFonts' is not required, skipping update.
[        ] Artifact Instance of 'GradleWrapper' is not required, skipping update.
[        ] Artifact Instance of 'AndroidGenSnapshotArtifacts' is not required, skipping update.
[        ] Artifact Instance of 'AndroidInternalBuildArtifacts' is not required, skipping update.
[        ] Artifact Instance of 'IOSEngineArtifacts' is not required, skipping update.
[   +1 ms] Artifact Instance of 'FlutterEngineStamp' is not required, skipping update.
[   +1 ms] Artifact Instance of 'FlutterSdk' is not required, skipping update.
[        ] Artifact Instance of 'WindowsEngineArtifacts' is not required, skipping update.
[        ] Artifact Instance of 'MacOSEngineArtifacts' is not required, skipping update.
[        ] Artifact Instance of 'LinuxEngineArtifacts' is not required, skipping update.
[        ] Artifact Instance of 'LinuxFuchsiaSDKArtifacts' is not required, skipping update.
[        ] Artifact Instance of 'MacOSFuchsiaSDKArtifacts' is not required, skipping update.
[        ] Artifact Instance of 'FlutterRunnerSDKArtifacts' is not required, skipping update.
[        ] Artifact Instance of 'FlutterRunnerDebugSymbols' is not required, skipping update.
[        ] Artifact Instance of 'IosUsbArtifacts' is not required, skipping update.
[        ] Artifact Instance of 'IosUsbArtifacts' is not required, skipping update.
[        ] Artifact Instance of 'IosUsbArtifacts' is not required, skipping update.
[        ] Artifact Instance of 'IosUsbArtifacts' is not required, skipping update.
[        ] Artifact Instance of 'IosUsbArtifacts' is not required, skipping update.
[        ] Artifact Instance of 'IosUsbArtifacts' is not required, skipping update.
[        ] Artifact Instance of 'FontSubsetArtifacts' is not required, skipping update.
[        ] Artifact Instance of 'PubDependencies' is not required, skipping update.
[  +28 ms] Skipping pub get: version match.
[ +442 ms] Found plugin shared_preferences at C:\Users\krish\AppData\Local\Pub\Cache\hosted\pub.dev\shared_preferences-2.5.4\
[  +10 ms] Found plugin shared_preferences_windows at C:\Users\krish\AppData\Local\Pub\Cache\hosted\pub.dev\shared_preferences_windows-2.4.1\
[  +24 ms] Found plugin path_provider_windows at C:\Users\krish\AppData\Local\Pub\Cache\hosted\pub.dev\path_provider_windows-2.3.0\
[  +56 ms] Found plugin shared_preferences_web at C:\Users\krish\AppData\Local\Pub\Cache\hosted\pub.dev\shared_preferences_web-2.4.3\
[  +21 ms] Found plugin shared_preferences_linux at C:\Users\krish\AppData\Local\Pub\Cache\hosted\pub.dev\shared_preferences_linux-2.4.1\
[   +9 ms] Found plugin path_provider_linux at C:\Users\krish\AppData\Local\Pub\Cache\hosted\pub.dev\path_provider_linux-2.2.1\
[  +25 ms] Found plugin shared_preferences_foundation at C:\Users\krish\AppData\Local\Pub\Cache\hosted\pub.dev\shared_preferences_foundation-2.5.6\
[   +8 ms] Found plugin shared_preferences_android at C:\Users\krish\AppData\Local\Pub\Cache\hosted\pub.dev\shared_preferences_android-2.4.18\
[   +9 ms] Found plugin printing at C:\Users\krish\AppData\Local\Pub\Cache\hosted\pub.dev\printing-5.14.2\
[ +168 ms] Found plugin path_provider at C:\Users\krish\AppData\Local\Pub\Cache\hosted\pub.dev\path_provider-2.1.5\
[   +9 ms] Found plugin path_provider_foundation at C:\Users\krish\AppData\Local\Pub\Cache\hosted\pub.dev\path_provider_foundation-2.6.0\
[  +94 ms] Found plugin path_provider_android at C:\Users\krish\AppData\Local\Pub\Cache\hosted\pub.dev\path_provider_android-2.2.22\
[  +22 ms] Found plugin local_auth at C:\Users\krish\AppData\Local\Pub\Cache\hosted\pub.dev\local_auth-3.0.0\
[   +7 ms] Found plugin local_auth_windows at C:\Users\krish\AppData\Local\Pub\Cache\hosted\pub.dev\local_auth_windows-2.0.1\
[  +13 ms] Found plugin local_auth_darwin at C:\Users\krish\AppData\Local\Pub\Cache\hosted\pub.dev\local_auth_darwin-2.0.1\
[  +21 ms] Found plugin local_auth_android at C:\Users\krish\AppData\Local\Pub\Cache\hosted\pub.dev\local_auth_android-2.0.4\
[   +6 ms] Found plugin flutter_plugin_android_lifecycle at C:\Users\krish\AppData\Local\Pub\Cache\hosted\pub.dev\flutter_plugin_android_lifecycle-2.0.33\
[   +6 ms] Found plugin image_picker_for_web at C:\Users\krish\AppData\Local\Pub\Cache\hosted\pub.dev\image_picker_for_web-3.1.1\
[  +37 ms] Found plugin image_picker at C:\Users\krish\AppData\Local\Pub\Cache\hosted\pub.dev\image_picker-1.2.1\
[  +11 ms] Found plugin image_picker_windows at C:\Users\krish\AppData\Local\Pub\Cache\hosted\pub.dev\image_picker_windows-0.2.2\
[   +9 ms] Found plugin file_selector_windows at C:\Users\krish\AppData\Local\Pub\Cache\hosted\pub.dev\file_selector_windows-0.9.3+5\
[  +16 ms] Found plugin image_picker_macos at C:\Users\krish\AppData\Local\Pub\Cache\hosted\pub.dev\image_picker_macos-0.2.2+1\
[   +9 ms] Found plugin file_selector_macos at C:\Users\krish\AppData\Local\Pub\Cache\hosted\pub.dev\file_selector_macos-0.9.5\
[  +10 ms] Found plugin image_picker_linux at C:\Users\krish\AppData\Local\Pub\Cache\hosted\pub.dev\image_picker_linux-0.2.2\
[  +11 ms] Found plugin file_selector_linux at C:\Users\krish\AppData\Local\Pub\Cache\hosted\pub.dev\file_selector_linux-0.9.4\
[  +10 ms] Found plugin image_picker_ios at C:\Users\krish\AppData\Local\Pub\Cache\hosted\pub.dev\image_picker_ios-0.8.13+3\
[  +10 ms] Found plugin image_picker_android at C:\Users\krish\AppData\Local\Pub\Cache\hosted\pub.dev\image_picker_android-0.8.13+10\
[  +42 ms] Found plugin google_sign_in at C:\Users\krish\AppData\Local\Pub\Cache\hosted\pub.dev\google_sign_in-6.3.0\
[   +8 ms] Found plugin google_sign_in_web at C:\Users\krish\AppData\Local\Pub\Cache\hosted\pub.dev\google_sign_in_web-0.12.4+4\
[  +25 ms] Found plugin google_sign_in_ios at C:\Users\krish\AppData\Local\Pub\Cache\hosted\pub.dev\google_sign_in_ios-5.9.0\
[   +8 ms] Found plugin google_sign_in_android at C:\Users\krish\AppData\Local\Pub\Cache\hosted\pub.dev\google_sign_in_android-6.2.1\
[  +84 ms] Found plugin flutter_local_notifications at C:\Users\krish\AppData\Local\Pub\Cache\hosted\pub.dev\flutter_local_notifications-19.5.0\
[  +11 ms] Found plugin flutter_local_notifications_windows at C:\Users\krish\AppData\Local\Pub\Cache\hosted\pub.dev\flutter_local_notifications_windows-1.0.3\
[  +25 ms] Found plugin flutter_local_notifications_linux at C:\Users\krish\AppData\Local\Pub\Cache\hosted\pub.dev\flutter_local_notifications_linux-6.0.0\
[  +76 ms] Found plugin firebase_storage at C:\Users\krish\AppData\Local\Pub\Cache\hosted\pub.dev\firebase_storage-12.4.10\
[   +9 ms] Found plugin firebase_storage_web at C:\Users\krish\AppData\Local\Pub\Cache\hosted\pub.dev\firebase_storage_web-3.10.17\
[  +17 ms] Found plugin firebase_core at C:\Users\krish\AppData\Local\Pub\Cache\hosted\pub.dev\firebase_core-3.15.2\
[  +11 ms] Found plugin firebase_core_web at C:\Users\krish\AppData\Local\Pub\Cache\hosted\pub.dev\firebase_core_web-2.24.1\
[  +42 ms] Found plugin firebase_auth at C:\Users\krish\AppData\Local\Pub\Cache\hosted\pub.dev\firebase_auth-5.7.0\
[  +13 ms] Found plugin firebase_auth_web at C:\Users\krish\AppData\Local\Pub\Cache\hosted\pub.dev\firebase_auth_web-5.15.3\
[  +24 ms] Found plugin file_picker at C:\Users\krish\AppData\Local\Pub\Cache\hosted\pub.dev\file_picker-10.3.8\
[  +40 ms] Found plugin cloud_firestore at C:\Users\krish\AppData\Local\Pub\Cache\hosted\pub.dev\cloud_firestore-5.6.12\
[  +10 ms] Found plugin cloud_firestore_web at C:\Users\krish\AppData\Local\Pub\Cache\hosted\pub.dev\cloud_firestore_web-4.4.12\
[  +60 ms] Found plugin shared_preferences at C:\Users\krish\AppData\Local\Pub\Cache\hosted\pub.dev\shared_preferences-2.5.4\
[   +1 ms] Found plugin shared_preferences_windows at C:\Users\krish\AppData\Local\Pub\Cache\hosted\pub.dev\shared_preferences_windows-2.4.1\
[   +2 ms] Found plugin path_provider_windows at C:\Users\krish\AppData\Local\Pub\Cache\hosted\pub.dev\path_provider_windows-2.3.0\
[   +3 ms] Found plugin shared_preferences_web at C:\Users\krish\AppData\Local\Pub\Cache\hosted\pub.dev\shared_preferences_web-2.4.3\
[   +1 ms] Found plugin shared_preferences_linux at C:\Users\krish\AppData\Local\Pub\Cache\hosted\pub.dev\shared_preferences_linux-2.4.1\
[        ] Found plugin path_provider_linux at C:\Users\krish\AppData\Local\Pub\Cache\hosted\pub.dev\path_provider_linux-2.2.1\
[   +1 ms] Found plugin shared_preferences_foundation at C:\Users\krish\AppData\Local\Pub\Cache\hosted\pub.dev\shared_preferences_foundation-2.5.6\
[        ] Found plugin shared_preferences_android at C:\Users\krish\AppData\Local\Pub\Cache\hosted\pub.dev\shared_preferences_android-2.4.18\
[   +1 ms] Found plugin printing at C:\Users\krish\AppData\Local\Pub\Cache\hosted\pub.dev\printing-5.14.2\
[   +7 ms] Found plugin path_provider at C:\Users\krish\AppData\Local\Pub\Cache\hosted\pub.dev\path_provider-2.1.5\
[   +1 ms] Found plugin path_provider_foundation at C:\Users\krish\AppData\Local\Pub\Cache\hosted\pub.dev\path_provider_foundation-2.6.0\
[   +5 ms] Found plugin path_provider_android at C:\Users\krish\AppData\Local\Pub\Cache\hosted\pub.dev\path_provider_android-2.2.22\
[   +2 ms] Found plugin local_auth at C:\Users\krish\AppData\Local\Pub\Cache\hosted\pub.dev\local_auth-3.0.0\
[        ] Found plugin local_auth_windows at C:\Users\krish\AppData\Local\Pub\Cache\hosted\pub.dev\local_auth_windows-2.0.1\
[   +1 ms] Found plugin local_auth_darwin at C:\Users\krish\AppData\Local\Pub\Cache\hosted\pub.dev\local_auth_darwin-2.0.1\
[   +2 ms] Found plugin local_auth_android at C:\Users\krish\AppData\Local\Pub\Cache\hosted\pub.dev\local_auth_android-2.0.4\
[        ] Found plugin flutter_plugin_android_lifecycle at C:\Users\krish\AppData\Local\Pub\Cache\hosted\pub.dev\flutter_plugin_android_lifecycle-2.0.33\
[   +1 ms] Found plugin image_picker_for_web at C:\Users\krish\AppData\Local\Pub\Cache\hosted\pub.dev\image_picker_for_web-3.1.1\
[   +1 ms] Found plugin image_picker at C:\Users\krish\AppData\Local\Pub\Cache\hosted\pub.dev\image_picker-1.2.1\
[        ] Found plugin image_picker_windows at C:\Users\krish\AppData\Local\Pub\Cache\hosted\pub.dev\image_picker_windows-0.2.2\
[   +1 ms] Found plugin file_selector_windows at C:\Users\krish\AppData\Local\Pub\Cache\hosted\pub.dev\file_selector_windows-0.9.3+5\
[   +1 ms] Found plugin image_picker_macos at C:\Users\krish\AppData\Local\Pub\Cache\hosted\pub.dev\image_picker_macos-0.2.2+1\
[        ] Found plugin file_selector_macos at C:\Users\krish\AppData\Local\Pub\Cache\hosted\pub.dev\file_selector_macos-0.9.5\
[        ] Found plugin image_picker_linux at C:\Users\krish\AppData\Local\Pub\Cache\hosted\pub.dev\image_picker_linux-0.2.2\
[        ] Found plugin file_selector_linux at C:\Users\krish\AppData\Local\Pub\Cache\hosted\pub.dev\file_selector_linux-0.9.4\
[        ] Found plugin image_picker_ios at C:\Users\krish\AppData\Local\Pub\Cache\hosted\pub.dev\image_picker_ios-0.8.13+3\
[        ] Found plugin image_picker_android at C:\Users\krish\AppData\Local\Pub\Cache\hosted\pub.dev\image_picker_android-0.8.13+10\
[   +1 ms] Found plugin google_sign_in at C:\Users\krish\AppData\Local\Pub\Cache\hosted\pub.dev\google_sign_in-6.3.0\
[        ] Found plugin google_sign_in_web at C:\Users\krish\AppData\Local\Pub\Cache\hosted\pub.dev\google_sign_in_web-0.12.4+4\
[   +2 ms] Found plugin google_sign_in_ios at C:\Users\krish\AppData\Local\Pub\Cache\hosted\pub.dev\google_sign_in_ios-5.9.0\
[   +1 ms] Found plugin google_sign_in_android at C:\Users\krish\AppData\Local\Pub\Cache\hosted\pub.dev\google_sign_in_android-6.2.1\
[   +3 ms] Found plugin flutter_local_notifications at C:\Users\krish\AppData\Local\Pub\Cache\hosted\pub.dev\flutter_local_notifications-19.5.0\
[        ] Found plugin flutter_local_notifications_windows at C:\Users\krish\AppData\Local\Pub\Cache\hosted\pub.dev\flutter_local_notifications_windows-1.0.3\
[   +1 ms] Found plugin flutter_local_notifications_linux at C:\Users\krish\AppData\Local\Pub\Cache\hosted\pub.dev\flutter_local_notifications_linux-6.0.0\
[   +3 ms] Found plugin firebase_storage at C:\Users\krish\AppData\Local\Pub\Cache\hosted\pub.dev\firebase_storage-12.4.10\
[        ] Found plugin firebase_storage_web at C:\Users\krish\AppData\Local\Pub\Cache\hosted\pub.dev\firebase_storage_web-3.10.17\
[   +1 ms] Found plugin firebase_core at C:\Users\krish\AppData\Local\Pub\Cache\hosted\pub.dev\firebase_core-3.15.2\
[   +1 ms] Found plugin firebase_core_web at C:\Users\krish\AppData\Local\Pub\Cache\hosted\pub.dev\firebase_core_web-2.24.1\
[   +1 ms] Found plugin firebase_auth at C:\Users\krish\AppData\Local\Pub\Cache\hosted\pub.dev\firebase_auth-5.7.0\
[        ] Found plugin firebase_auth_web at C:\Users\krish\AppData\Local\Pub\Cache\hosted\pub.dev\firebase_auth_web-5.15.3\
[   +1 ms] Found plugin file_picker at C:\Users\krish\AppData\Local\Pub\Cache\hosted\pub.dev\file_picker-10.3.8\
[   +1 ms] Found plugin cloud_firestore at C:\Users\krish\AppData\Local\Pub\Cache\hosted\pub.dev\cloud_firestore-5.6.12\
[        ] Found plugin cloud_firestore_web at C:\Users\krish\AppData\Local\Pub\Cache\hosted\pub.dev\cloud_firestore_web-4.4.12\
[  +17 ms] Skipping generating web_plugin_registrant.dart because it is up-to-date.
[  +21 ms] Found plugin shared_preferences at C:\Users\krish\AppData\Local\Pub\Cache\hosted\pub.dev\shared_preferences-2.5.4\
[        ] Found plugin shared_preferences_windows at C:\Users\krish\AppData\Local\Pub\Cache\hosted\pub.dev\shared_preferences_windows-2.4.1\
[   +2 ms] Found plugin path_provider_windows at C:\Users\krish\AppData\Local\Pub\Cache\hosted\pub.dev\path_provider_windows-2.3.0\
[   +2 ms] Found plugin shared_preferences_web at C:\Users\krish\AppData\Local\Pub\Cache\hosted\pub.dev\shared_preferences_web-2.4.3\
[   +2 ms] Found plugin shared_preferences_linux at C:\Users\krish\AppData\Local\Pub\Cache\hosted\pub.dev\shared_preferences_linux-2.4.1\
[        ] Found plugin path_provider_linux at C:\Users\krish\AppData\Local\Pub\Cache\hosted\pub.dev\path_provider_linux-2.2.1\
[   +1 ms] Found plugin shared_preferences_foundation at C:\Users\krish\AppData\Local\Pub\Cache\hosted\pub.dev\shared_preferences_foundation-2.5.6\
[        ] Found plugin shared_preferences_android at C:\Users\krish\AppData\Local\Pub\Cache\hosted\pub.dev\shared_preferences_android-2.4.18\
[        ] Found plugin printing at C:\Users\krish\AppData\Local\Pub\Cache\hosted\pub.dev\printing-5.14.2\
[   +7 ms] Found plugin path_provider at C:\Users\krish\AppData\Local\Pub\Cache\hosted\pub.dev\path_provider-2.1.5\
[        ] Found plugin path_provider_foundation at C:\Users\krish\AppData\Local\Pub\Cache\hosted\pub.dev\path_provider_foundation-2.6.0\
[   +7 ms] Found plugin path_provider_android at C:\Users\krish\AppData\Local\Pub\Cache\hosted\pub.dev\path_provider_android-2.2.22\
[   +1 ms] Found plugin local_auth at C:\Users\krish\AppData\Local\Pub\Cache\hosted\pub.dev\local_auth-3.0.0\
[   +1 ms] Found plugin local_auth_windows at C:\Users\krish\AppData\Local\Pub\Cache\hosted\pub.dev\local_auth_windows-2.0.1\
[   +2 ms] Found plugin local_auth_darwin at C:\Users\krish\AppData\Local\Pub\Cache\hosted\pub.dev\local_auth_darwin-2.0.1\
[   +2 ms] Found plugin local_auth_android at C:\Users\krish\AppData\Local\Pub\Cache\hosted\pub.dev\local_auth_android-2.0.4\
[   +1 ms] Found plugin flutter_plugin_android_lifecycle at C:\Users\krish\AppData\Local\Pub\Cache\hosted\pub.dev\flutter_plugin_android_lifecycle-2.0.33\
[   +1 ms] Found plugin image_picker_for_web at C:\Users\krish\AppData\Local\Pub\Cache\hosted\pub.dev\image_picker_for_web-3.1.1\
[   +3 ms] Found plugin image_picker at C:\Users\krish\AppData\Local\Pub\Cache\hosted\pub.dev\image_picker-1.2.1\
[   +1 ms] Found plugin image_picker_windows at C:\Users\krish\AppData\Local\Pub\Cache\hosted\pub.dev\image_picker_windows-0.2.2\
[   +1 ms] Found plugin file_selector_windows at C:\Users\krish\AppData\Local\Pub\Cache\hosted\pub.dev\file_selector_windows-0.9.3+5\
[   +1 ms] Found plugin image_picker_macos at C:\Users\krish\AppData\Local\Pub\Cache\hosted\pub.dev\image_picker_macos-0.2.2+1\
[        ] Found plugin file_selector_macos at C:\Users\krish\AppData\Local\Pub\Cache\hosted\pub.dev\file_selector_macos-0.9.5\
[        ] Found plugin image_picker_linux at C:\Users\krish\AppData\Local\Pub\Cache\hosted\pub.dev\image_picker_linux-0.2.2\
[        ] Found plugin file_selector_linux at C:\Users\krish\AppData\Local\Pub\Cache\hosted\pub.dev\file_selector_linux-0.9.4\
[        ] Found plugin image_picker_ios at C:\Users\krish\AppData\Local\Pub\Cache\hosted\pub.dev\image_picker_ios-0.8.13+3\
[        ] Found plugin image_picker_android at C:\Users\krish\AppData\Local\Pub\Cache\hosted\pub.dev\image_picker_android-0.8.13+10\
[   +2 ms] Found plugin google_sign_in at C:\Users\krish\AppData\Local\Pub\Cache\hosted\pub.dev\google_sign_in-6.3.0\
[   +1 ms] Found plugin google_sign_in_web at C:\Users\krish\AppData\Local\Pub\Cache\hosted\pub.dev\google_sign_in_web-0.12.4+4\
[   +2 ms] Found plugin google_sign_in_ios at C:\Users\krish\AppData\Local\Pub\Cache\hosted\pub.dev\google_sign_in_ios-5.9.0\
[        ] Found plugin google_sign_in_android at C:\Users\krish\AppData\Local\Pub\Cache\hosted\pub.dev\google_sign_in_android-6.2.1\
[   +6 ms] Found plugin flutter_local_notifications at C:\Users\krish\AppData\Local\Pub\Cache\hosted\pub.dev\flutter_local_notifications-19.5.0\
[   +1 ms] Found plugin flutter_local_notifications_windows at C:\Users\krish\AppData\Local\Pub\Cache\hosted\pub.dev\flutter_local_notifications_windows-1.0.3\
[   +1 ms] Found plugin flutter_local_notifications_linux at C:\Users\krish\AppData\Local\Pub\Cache\hosted\pub.dev\flutter_local_notifications_linux-6.0.0\
[   +4 ms] Found plugin firebase_storage at C:\Users\krish\AppData\Local\Pub\Cache\hosted\pub.dev\firebase_storage-12.4.10\
[        ] Found plugin firebase_storage_web at C:\Users\krish\AppData\Local\Pub\Cache\hosted\pub.dev\firebase_storage_web-3.10.17\
[   +1 ms] Found plugin firebase_core at C:\Users\krish\AppData\Local\Pub\Cache\hosted\pub.dev\firebase_core-3.15.2\
[        ] Found plugin firebase_core_web at C:\Users\krish\AppData\Local\Pub\Cache\hosted\pub.dev\firebase_core_web-2.24.1\
[   +2 ms] Found plugin firebase_auth at C:\Users\krish\AppData\Local\Pub\Cache\hosted\pub.dev\firebase_auth-5.7.0\
[   +1 ms] Found plugin firebase_auth_web at C:\Users\krish\AppData\Local\Pub\Cache\hosted\pub.dev\firebase_auth_web-5.15.3\
[   +1 ms] Found plugin file_picker at C:\Users\krish\AppData\Local\Pub\Cache\hosted\pub.dev\file_picker-10.3.8\
[   +2 ms] Found plugin cloud_firestore at C:\Users\krish\AppData\Local\Pub\Cache\hosted\pub.dev\cloud_firestore-5.6.12\
[        ] Found plugin cloud_firestore_web at C:\Users\krish\AppData\Local\Pub\Cache\hosted\pub.dev\cloud_firestore_web-4.4.12\
[ +140 ms] Found plugin shared_preferences at C:\Users\krish\AppData\Local\Pub\Cache\hosted\pub.dev\shared_preferences-2.5.4\
[        ] Found plugin shared_preferences_windows at C:\Users\krish\AppData\Local\Pub\Cache\hosted\pub.dev\shared_preferences_windows-2.4.1\
[   +2 ms] Found plugin path_provider_windows at C:\Users\krish\AppData\Local\Pub\Cache\hosted\pub.dev\path_provider_windows-2.3.0\
[   +2 ms] Found plugin shared_preferences_web at C:\Users\krish\AppData\Local\Pub\Cache\hosted\pub.dev\shared_preferences_web-2.4.3\
[   +1 ms] Found plugin shared_preferences_linux at C:\Users\krish\AppData\Local\Pub\Cache\hosted\pub.dev\shared_preferences_linux-2.4.1\
[        ] Found plugin path_provider_linux at C:\Users\krish\AppData\Local\Pub\Cache\hosted\pub.dev\path_provider_linux-2.2.1\
[   +1 ms] Found plugin shared_preferences_foundation at C:\Users\krish\AppData\Local\Pub\Cache\hosted\pub.dev\shared_preferences_foundation-2.5.6\
[        ] Found plugin shared_preferences_android at C:\Users\krish\AppData\Local\Pub\Cache\hosted\pub.dev\shared_preferences_android-2.4.18\
[        ] Found plugin printing at C:\Users\krish\AppData\Local\Pub\Cache\hosted\pub.dev\printing-5.14.2\
[   +5 ms] Found plugin path_provider at C:\Users\krish\AppData\Local\Pub\Cache\hosted\pub.dev\path_provider-2.1.5\
[        ] Found plugin path_provider_foundation at C:\Users\krish\AppData\Local\Pub\Cache\hosted\pub.dev\path_provider_foundation-2.6.0\
[   +4 ms] Found plugin path_provider_android at C:\Users\krish\AppData\Local\Pub\Cache\hosted\pub.dev\path_provider_android-2.2.22\
[   +1 ms] Found plugin local_auth at C:\Users\krish\AppData\Local\Pub\Cache\hosted\pub.dev\local_auth-3.0.0\
[   +1 ms] Found plugin local_auth_windows at C:\Users\krish\AppData\Local\Pub\Cache\hosted\pub.dev\local_auth_windows-2.0.1\
[   +1 ms] Found plugin local_auth_darwin at C:\Users\krish\AppData\Local\Pub\Cache\hosted\pub.dev\local_auth_darwin-2.0.1\
[   +1 ms] Found plugin local_auth_android at C:\Users\krish\AppData\Local\Pub\Cache\hosted\pub.dev\local_auth_android-2.0.4\
[   +1 ms] Found plugin flutter_plugin_android_lifecycle at C:\Users\krish\AppData\Local\Pub\Cache\hosted\pub.dev\flutter_plugin_android_lifecycle-2.0.33\
[        ] Found plugin image_picker_for_web at C:\Users\krish\AppData\Local\Pub\Cache\hosted\pub.dev\image_picker_for_web-3.1.1\
[   +1 ms] Found plugin image_picker at C:\Users\krish\AppData\Local\Pub\Cache\hosted\pub.dev\image_picker-1.2.1\
[        ] Found plugin image_picker_windows at C:\Users\krish\AppData\Local\Pub\Cache\hosted\pub.dev\image_picker_windows-0.2.2\
[        ] Found plugin file_selector_windows at C:\Users\krish\AppData\Local\Pub\Cache\hosted\pub.dev\file_selector_windows-0.9.3+5\
[        ] Found plugin image_picker_macos at C:\Users\krish\AppData\Local\Pub\Cache\hosted\pub.dev\image_picker_macos-0.2.2+1\
[        ] Found plugin file_selector_macos at C:\Users\krish\AppData\Local\Pub\Cache\hosted\pub.dev\file_selector_macos-0.9.5\
[        ] Found plugin image_picker_linux at C:\Users\krish\AppData\Local\Pub\Cache\hosted\pub.dev\image_picker_linux-0.2.2\
[        ] Found plugin file_selector_linux at C:\Users\krish\AppData\Local\Pub\Cache\hosted\pub.dev\file_selector_linux-0.9.4\
[        ] Found plugin image_picker_ios at C:\Users\krish\AppData\Local\Pub\Cache\hosted\pub.dev\image_picker_ios-0.8.13+3\
[        ] Found plugin image_picker_android at C:\Users\krish\AppData\Local\Pub\Cache\hosted\pub.dev\image_picker_android-0.8.13+10\
[   +1 ms] Found plugin google_sign_in at C:\Users\krish\AppData\Local\Pub\Cache\hosted\pub.dev\google_sign_in-6.3.0\
[        ] Found plugin google_sign_in_web at C:\Users\krish\AppData\Local\Pub\Cache\hosted\pub.dev\google_sign_in_web-0.12.4+4\
[   +1 ms] Found plugin google_sign_in_ios at C:\Users\krish\AppData\Local\Pub\Cache\hosted\pub.dev\google_sign_in_ios-5.9.0\
[        ] Found plugin google_sign_in_android at C:\Users\krish\AppData\Local\Pub\Cache\hosted\pub.dev\google_sign_in_android-6.2.1\
[   +4 ms] Found plugin flutter_local_notifications at C:\Users\krish\AppData\Local\Pub\Cache\hosted\pub.dev\flutter_local_notifications-19.5.0\
[        ] Found plugin flutter_local_notifications_windows at C:\Users\krish\AppData\Local\Pub\Cache\hosted\pub.dev\flutter_local_notifications_windows-1.0.3\
[   +1 ms] Found plugin flutter_local_notifications_linux at C:\Users\krish\AppData\Local\Pub\Cache\hosted\pub.dev\flutter_local_notifications_linux-6.0.0\
[   +3 ms] Found plugin firebase_storage at C:\Users\krish\AppData\Local\Pub\Cache\hosted\pub.dev\firebase_storage-12.4.10\
[        ] Found plugin firebase_storage_web at C:\Users\krish\AppData\Local\Pub\Cache\hosted\pub.dev\firebase_storage_web-3.10.17\
[   +1 ms] Found plugin firebase_core at C:\Users\krish\AppData\Local\Pub\Cache\hosted\pub.dev\firebase_core-3.15.2\
[        ] Found plugin firebase_core_web at C:\Users\krish\AppData\Local\Pub\Cache\hosted\pub.dev\firebase_core_web-2.24.1\
[   +2 ms] Found plugin firebase_auth at C:\Users\krish\AppData\Local\Pub\Cache\hosted\pub.dev\firebase_auth-5.7.0\
[   +1 ms] Found plugin firebase_auth_web at C:\Users\krish\AppData\Local\Pub\Cache\hosted\pub.dev\firebase_auth_web-5.15.3\
[   +1 ms] Found plugin file_picker at C:\Users\krish\AppData\Local\Pub\Cache\hosted\pub.dev\file_picker-10.3.8\
[   +1 ms] Found plugin cloud_firestore at C:\Users\krish\AppData\Local\Pub\Cache\hosted\pub.dev\cloud_firestore-5.6.12\
[        ] Found plugin cloud_firestore_web at C:\Users\krish\AppData\Local\Pub\Cache\hosted\pub.dev\cloud_firestore_web-4.4.12\
[   +1 ms] generated_plugin_registrant.dart not found. Skipping.
[        ] Compiling lib\main.dart for the Web...
[   +6 ms] Initializing file store
[  +16 ms] Done initializing file store
[ +130 ms] Skipping target: web_entrypoint
[   +1 ms] invalidated build due to missing files: C:\Users\krish\OneDrive\Desktop\LabSense2\web\*\index.html, C:\Users\krish\OneDrive\Desktop\LabSense2\web\flutter_bootstrap.js
[  +74 ms] Skipping target: dart_build
[        ] Skipping target: gen_localizations
[   +1 ms] web_templated_files: Starting due to {InvalidatedReasonKind.outputMissing: The following outputs were missing: C:\Users\krish\OneDrive\Desktop\LabSense2\build\web\*\index.html, InvalidatedReasonKind.inputMissing: The following inputs were missing: C:\Users\krish\OneDrive\Desktop\LabSense2\web\*\index.html,C:\Users\krish\OneDrive\Desktop\LabSense2\web\flutter_bootstrap.js}
[        ] web_static_assets: Starting due to {InvalidatedReasonKind.outputMissing: The following outputs were missing: C:\Users\krish\OneDrive\Desktop\LabSense2\.dart_tool\flutter_build\eb58b1677e51abe23629f2fd1bee8d8d\flutter.js,C:\Users\krish\OneDrive\Desktop\LabSense2\.dart_tool\flutter_build\eb58b1677e51abe23629f2fd1bee8d8d\canvaskit\canvaskit.js,C:\Users\krish\OneDrive\Desktop\LabSense2\.dart_tool\flutter_build\eb58b1677e51abe23629f2fd1bee8d8d\canvaskit\canvaskit.js.symbols,C:\Users\krish\OneDrive\Desktop\LabSense2\.dart_tool\flutter_build\eb58b1677e51abe23629f2fd1bee8d8d\canvaskit\canvaskit.wasm,C:\Users\krish\OneDrive\Desktop\LabSense2\.dart_tool\flutter_build\eb58b1677e51abe23629f2fd1bee8d8d\canvaskit\chromium\canvaskit.js,C:\Users\krish\OneDrive\Desktop\LabSense2\.dart_tool\flutter_build\eb58b1677e51abe23629f2fd1bee8d8d\canvaskit\chromium\canvaskit.js.symbols,C:\Users\krish\OneDrive\Desktop\LabSense2\.dart_tool\flutter_build\eb58b1677e51abe23629f2fd1bee8d8d\canvaskit\chromium\canvaskit.wasm,C:\Users\krish\OneDrive\Desktop\LabSense2\.dart_tool\flutter_build\eb58b1677e51abe23629f2fd1bee8d8d\canvaskit\skwasm.js,C:\Users\krish\OneDrive\Desktop\LabSense2\.dart_tool\flutter_build\eb58b1677e51abe23629f2fd1bee8d8d\canvaskit\skwasm.js.symbols,C:\Users\krish\OneDrive\Desktop\LabSense2\.dart_tool\flutter_build\eb58b1677e51abe23629f2fd1bee8d8d\canvaskit\skwasm.wasm,C:\Users\krish\OneDrive\Desktop\LabSense2\.dart_tool\flutter_build\eb58b1677e51abe23629f2fd1bee8d8d\canvaskit\skwasm_heavy.js,C:\Users\krish\OneDrive\Desktop\LabSense2\.dart_tool\flutter_build\eb58b1677e51abe23629f2fd1bee8d8d\canvaskit\skwasm_heavy.js.symbols,C:\Users\krish\OneDrive\Desktop\LabSense2\.dart_tool\flutter_build\eb58b1677e51abe23629f2fd1bee8d8d\canvaskit\skwasm_heavy.wasm}
[ +588 ms] web_static_assets: Complete
[   +3 ms] dart2js: Starting due to {}
[   +6 ms] executing: C:\src\flutter\bin\cache\dart-sdk\bin\dart.exe compile js --platform-binaries=C:\src\flutter\bin\cache\flutter_web_sdk\kernel --invoker=flutter_tool -Ddart.vm.product=true -DFLUTTER_VERSION=3.38.5 -DFLUTTER_CHANNEL=stable -DFLUTTER_GIT_URL=https://github.com/flutter/flutter.git -DFLUTTER_FRAMEWORK_REVISION=f6ff1529fd -DFLUTTER_ENGINE_REVISION=1527ae0ec5 -DFLUTTER_DART_VERSION=3.10.4 -DFLUTTER_WEB_USE_SKIA=true -DFLUTTER_WEB_USE_SKWASM=false -DFLUTTER_WEB_CANVASKIT_URL=https://www.gstatic.com/flutter-canvaskit/1527ae0ec577a4ef50e65f6fefcfc1326707d9bf/ --native-null-assertions --no-source-maps -O4 --minify -o C:\Users\krish\OneDrive\Desktop\LabSense2\.dart_tool\flutter_build\eb58b1677e51abe23629f2fd1bee8d8d\app.dill --packages=C:\Users\krish\OneDrive\Desktop\LabSense2\.dart_tool\package_config.json --cfe-only C:\Users\krish\OneDrive\Desktop\LabSense2\.dart_tool\flutter_build\eb58b1677e51abe23629f2fd1bee8d8d\main.dart
[        ] dart2wasm: Starting due to {}
[        ] executing: C:\src\flutter\bin\cache\dart-sdk\bin\dart.exe compile wasm --packages=C:\Users\krish\OneDrive\Desktop\LabSense2\.dart_tool\package_config.json --extra-compiler-option=--platform=C:\src\flutter\bin\cache\flutter_web_sdk\kernel\dart2wasm_platform.dill -Ddart.vm.profile=false -Ddart.vm.product=true --extra-compiler-option=--delete-tostring-package-uri=dart:ui --extra-compiler-option=--delete-tostring-package-uri=package:flutter --extra-compiler-option=--import-shared-memory --extra-compiler-option=--shared-memory-max-pages=32768 -DFLUTTER_VERSION=3.38.5 -DFLUTTER_CHANNEL=stable -DFLUTTER_GIT_URL=https://github.com/flutter/flutter.git -DFLUTTER_FRAMEWORK_REVISION=f6ff1529fd -DFLUTTER_ENGINE_REVISION=1527ae0ec5 -DFLUTTER_DART_VERSION=3.10.4 -DFLUTTER_WEB_USE_SKIA=false -DFLUTTER_WEB_USE_SKWASM=true -DFLUTTER_WEB_CANVASKIT_URL=https://www.gstatic.com/flutter-canvaskit/1527ae0ec577a4ef50e65f6fefcfc1326707d9bf/ --extra-compiler-option=--depfile=C:\Users\krish\OneDrive\Desktop\LabSense2\.dart_tool\flutter_build\eb58b1677e51abe23629f2fd1bee8d8d\dart2wasm.d -O2 --strip-wasm --no-source-maps --minify --extra-compiler-option=--dry-run -o C:\Users\krish\OneDrive\Desktop\LabSense2\.dart_tool\flutter_build\eb58b1677e51abe23629f2fd1bee8d8d\main.dart.wasm C:\Users\krish\OneDrive\Desktop\LabSense2\.dart_tool\flutter_build\eb58b1677e51abe23629f2fd1bee8d8d\main.dart
[  +34 ms] web_templated_files: Complete
[+31088 ms] Error: Couldn't resolve the package 'app_links_web' in 'package:app_links_web/app_links_web.dart'.
            Error: Couldn't resolve the package 'url_launcher_web' in 'package:url_launcher_web/url_launcher_web.dart'.
            .dart_tool/flutter_build/eb58b1677e51abe23629f2fd1bee8d8d/web_plugin_registrant.dart:9:8:
            Error: Not found: 'package:app_links_web/app_links_web.dart'
            import 'package:app_links_web/app_links_web.dart';
                   ^
            .dart_tool/flutter_build/eb58b1677e51abe23629f2fd1bee8d8d/web_plugin_registrant.dart:14:8:
            Error: Not found: 'package:url_launcher_web/url_launcher_web.dart'
            import 'package:url_launcher_web/url_launcher_web.dart';
                   ^
            .dart_tool/flutter_build/eb58b1677e51abe23629f2fd1bee8d8d/web_plugin_registrant.dart:19:3:
            Error: Undefined name 'AppLinksPluginWeb'.
              AppLinksPluginWeb.registerWith(registrar);
              ^^^^^^^^^^^^^^^^^
            .dart_tool/flutter_build/eb58b1677e51abe23629f2fd1bee8d8d/web_plugin_registrant.dart:24:3:
            Error: Undefined name 'UrlLauncherPlugin'.
              UrlLauncherPlugin.registerWith(registrar);
              ^^^^^^^^^^^^^^^^^
            Error: Compilation failed.
[ +663 ms] Unhandled exception:
           Unsupported operation: Cannot extract a file path from a org-dartlang-untranslatable-uri URI
           #0      _Uri.toFilePath (dart:core/uri.dart:3433)
           #1      DryRunSummarizer._lintChecks (package:dart2wasm/dry_run.dart:150)
           #2      DryRunSummarizer.summarize (package:dart2wasm/dry_run.dart:221)
           #3      compileToModule (package:dart2wasm/compile.dart:224)
           <asynchronous suspension>
           #4      generateWasm (package:dart2wasm/generate_wasm.dart:81)
           <asynchronous suspension>
           #5      main (file:///C:/b/s/w/ir/x/w/sdk/pkg/dart2wasm/bin/dart2wasm.dart:10)
           <asynchronous suspension>
[        ] Unexpected wasm dry run failure (255):
[        ] Unhandled exception:
           Unsupported operation: Cannot extract a file path from a org-dartlang-untranslatable-uri URI
           #0      _Uri.toFilePath (dart:core/uri.dart:3433)
           #1      DryRunSummarizer._lintChecks (package:dart2wasm/dry_run.dart:150)
           #2      DryRunSummarizer.summarize (package:dart2wasm/dry_run.dart:221)
           #3      compileToModule (package:dart2wasm/compile.dart:224)
           <asynchronous suspension>
           #4      generateWasm (package:dart2wasm/generate_wasm.dart:81)
           <asynchronous suspension>
           #5      main (file:///C:/b/s/w/ir/x/w/sdk/pkg/dart2wasm/bin/dart2wasm.dart:10)
           <asynchronous suspension>

[        ] Use --no-wasm-dry-run to disable these warnings.
[   +3 ms] dart2wasm: Complete
[   +1 ms] Persisting file store
[   +1 ms] Done persisting file store
[  +14 ms] Target dart2js failed: ProcessException: Process exited abnormally with exit code 1:
           Error: Couldn't resolve the package 'app_links_web' in 'package:app_links_web/app_links_web.dart'.
           Error: Couldn't resolve the package 'url_launcher_web' in 'package:url_launcher_web/url_launcher_web.dart'.
           .dart_tool/flutter_build/eb58b1677e51abe23629f2fd1bee8d8d/web_plugin_registrant.dart:9:8:
           Error: Not found: 'package:app_links_web/app_links_web.dart'
           import 'package:app_links_web/app_links_web.dart';
                  ^
           .dart_tool/flutter_build/eb58b1677e51abe23629f2fd1bee8d8d/web_plugin_registrant.dart:14:8:
           Error: Not found: 'package:url_launcher_web/url_launcher_web.dart'
           import 'package:url_launcher_web/url_launcher_web.dart';
                  ^
           .dart_tool/flutter_build/eb58b1677e51abe23629f2fd1bee8d8d/web_plugin_registrant.dart:19:3:
           Error: Undefined name 'AppLinksPluginWeb'.
             AppLinksPluginWeb.registerWith(registrar);
             ^^^^^^^^^^^^^^^^^
           .dart_tool/flutter_build/eb58b1677e51abe23629f2fd1bee8d8d/web_plugin_registrant.dart:24:3:
           Error: Undefined name 'UrlLauncherPlugin'.
             UrlLauncherPlugin.registerWith(registrar);
             ^^^^^^^^^^^^^^^^^
           Error: Compilation failed.
             Command: C:\src\flutter\bin\cache\dart-sdk\bin\dart.exe compile js --platform-binaries=C:\src\flutter\bin\cache\flutter_web_sdk\kernel --invoker=flutter_tool -Ddart.vm.product=true -DFLUTTER_VERSION=3.38.5 -DFLUTTER_CHANNEL=stable -DFLUTTER_GIT_URL=https://github.com/flutter/flutter.git -DFLUTTER_FRAMEWORK_REVISION=f6ff1529fd -DFLUTTER_ENGINE_REVISION=1527ae0ec5 -DFLUTTER_DART_VERSION=3.10.4 -DFLUTTER_WEB_USE_SKIA=true -DFLUTTER_WEB_USE_SKWASM=false -DFLUTTER_WEB_CANVASKIT_URL=https://www.gstatic.com/flutter-canvaskit/1527ae0ec577a4ef50e65f6fefcfc1326707d9bf/ --native-null-assertions --no-source-maps -O4 --minify -o C:\Users\krish\OneDrive\Desktop\LabSense2\.dart_tool\flutter_build\eb58b1677e51abe23629f2fd1bee8d8d\app.dill --packages=C:\Users\krish\OneDrive\Desktop\LabSense2\.dart_tool\package_config.json --cfe-only C:\Users\krish\OneDrive\Desktop\LabSense2\.dart_tool\flutter_build\eb58b1677e51abe23629f2fd1bee8d8d\main.dart
           #0      RunResult.throwException (package:flutter_tools/src/base/process.dart:153:5)
           #1      _DefaultProcessUtils.run (package:flutter_tools/src/base/process.dart:379:19)
           <asynchronous suspension>
           #2      Dart2JSTarget.build (package:flutter_tools/src/build_system/targets/web.dart:207:5)
           <asynchronous suspension>
           #3      _BuildInstance._invokeInternal (package:flutter_tools/src/build_system/build_system.dart:895:9)
           <asynchronous suspension>
           #4      Future.wait.<anonymous closure> (dart:async/future.dart:546:21)
           <asynchronous suspension>
           #5      _BuildInstance.invokeTarget (package:flutter_tools/src/build_system/build_system.dart:833:32)
           <asynchronous suspension>
           #6      Future.wait.<anonymous closure> (dart:async/future.dart:546:21)
           <asynchronous suspension>
           #7      _BuildInstance.invokeTarget (package:flutter_tools/src/build_system/build_system.dart:833:32)
           <asynchronous suspension>
           #8      FlutterBuildSystem.build (package:flutter_tools/src/build_system/build_system.dart:653:16)
           <asynchronous suspension>
           #9      WebBuilder.buildWeb (package:flutter_tools/src/web/compile.dart:94:34)
           <asynchronous suspension>
           #10     BuildWebCommand.runCommand (package:flutter_tools/src/commands/build_web.dart:296:5)
           <asynchronous suspension>
           #11     FlutterCommand.run.<anonymous closure> (package:flutter_tools/src/runner/flutter_command.dart:1559:27)
           <asynchronous suspension>
           #12     AppContext.run.<anonymous closure> (package:flutter_tools/src/base/context.dart:154:19)
           <asynchronous suspension>
           #13     CommandRunner.runCommand (package:args/command_runner.dart:212:13)
           <asynchronous suspension>
           #14     FlutterCommandRunner.runCommand.<anonymous closure> (package:flutter_tools/src/runner/flutter_command_runner.dart:487:9)
           <asynchronous suspension>
           #15     AppContext.run.<anonymous closure> (package:flutter_tools/src/base/context.dart:154:19)
           <asynchronous suspension>
           #16     FlutterCommandRunner.runCommand (package:flutter_tools/src/runner/flutter_command_runner.dart:422:5)
           <asynchronous suspension>
           #17     run.<anonymous closure>.<anonymous closure> (package:flutter_tools/runner.dart:104:11)
           <asynchronous suspension>
           #18     AppContext.run.<anonymous closure> (package:flutter_tools/src/base/context.dart:154:19)
           <asynchronous suspension>
           #19     main (package:flutter_tools/executable.dart:103:3)
           <asynchronous suspension>

[   +6 ms] Compiling lib\main.dart for the Web... (completed in 32.6s)
[        ] "flutter web" took 34,838ms.
[  +59 ms] Error: Failed to compile application for the Web.
[        ] 
           #0      throwToolExit (package:flutter_tools/src/base/common.dart:34:3)
           #1      WebBuilder.buildWeb (package:flutter_tools/src/web/compile.dart:137:7)
           <asynchronous suspension>
           #2      BuildWebCommand.runCommand (package:flutter_tools/src/commands/build_web.dart:296:5)
           <asynchronous suspension>
           #3      FlutterCommand.run.<anonymous closure> (package:flutter_tools/src/runner/flutter_command.dart:1559:27)
           <asynchronous suspension>
           #4      AppContext.run.<anonymous closure> (package:flutter_tools/src/base/context.dart:154:19)
           <asynchronous suspension>
           #5      CommandRunner.runCommand (package:args/command_runner.dart:212:13)
           <asynchronous suspension>
           #6      FlutterCommandRunner.runCommand.<anonymous closure> (package:flutter_tools/src/runner/flutter_command_runner.dart:487:9)
           <asynchronous suspension>
           #7      AppContext.run.<anonymous closure> (package:flutter_tools/src/base/context.dart:154:19)
           <asynchronous suspension>
           #8      FlutterCommandRunner.runCommand (package:flutter_tools/src/runner/flutter_command_runner.dart:422:5)
           <asynchronous suspension>
           #9      run.<anonymous closure>.<anonymous closure> (package:flutter_tools/runner.dart:104:11)
           <asynchronous suspension>
           #10     AppContext.run.<anonymous closure> (package:flutter_tools/src/base/context.dart:154:19)
           <asynchronous suspension>
           #11     main (package:flutter_tools/executable.dart:103:3)
           <asynchronous suspension>


[        ] Running 1 shutdown hook
[   +2 ms] Shutdown hooks complete
[ +256 ms] exiting with code 1
