Resolving dependencies...
Downloading packages...
  app_links 6.4.1 (7.0.0 available)
  characters 1.4.0 (1.4.1 available)
  code_assets 0.19.10 (1.0.0 available)
  fl_chart 0.70.2 (1.1.1 available)
  flutter_riverpod 2.6.1 (3.1.0 available)
  google_fonts 6.3.3 (7.0.2 available)
  hooks 0.20.5 (1.0.0 available)
  image 4.5.4 (4.7.2 available)
  intl 0.18.1 (0.20.2 available)
  matcher 0.12.17 (0.12.18 available)
  material_color_utilities 0.11.1 (0.13.0 available)
  meta 1.17.0 (1.18.0 available)
  native_toolchain_c 0.17.2 (0.17.4 available)
  riverpod 2.6.1 (3.1.0 available)
  test_api 0.7.7 (0.7.9 available)
  timezone 0.10.1 (0.11.0 available)
  url_launcher_web 2.4.1 (2.4.2 available)
Got dependencies!
17 packages have newer versions incompatible with dependency constraints.
Try `flutter pub outdated` for more information.
00:00 +0: loading C:/Users/krish/OneDrive/Desktop/LabSense2/test/verify_ai_trends_test.dart
test/verify_ai_trends_test.dart:6:8: Error: Error when reading 'lib/core/config/supabase_config.dart': The system cannot find the path specified
import 'package:lab_sense_app/core/config/supabase_config.dart';
       ^
test/verify_ai_trends_test.dart:21:27: Error: Undefined name 'SupabaseConfig'.
      final supabaseUrl = SupabaseConfig.url;
                          ^^^^^^^^^^^^^^
test/verify_ai_trends_test.dart:22:27: Error: Undefined name 'SupabaseConfig'.
      final supabaseKey = SupabaseConfig.anonKey;
                          ^^^^^^^^^^^^^^
00:00 +0 -1: loading C:/Users/krish/OneDrive/Desktop/LabSense2/test/verify_ai_trends_test.dart [E]
  Failed to load "C:/Users/krish/OneDrive/Desktop/LabSense2/test/verify_ai_trends_test.dart":
  Compilation failed for testPath=C:/Users/krish/OneDrive/Desktop/LabSense2/test/verify_ai_trends_test.dart: test/verify_ai_trends_test.dart:6:8: Error: Error when reading 'lib/core/config/supabase_config.dart': The system cannot find the path specified
  import 'package:lab_sense_app/core/config/supabase_config.dart';
         ^
  test/verify_ai_trends_test.dart:21:27: Error: Undefined name 'SupabaseConfig'.
        final supabaseUrl = SupabaseConfig.url;
                            ^^^^^^^^^^^^^^
  test/verify_ai_trends_test.dart:22:27: Error: Undefined name 'SupabaseConfig'.
        final supabaseKey = SupabaseConfig.anonKey;
                            ^^^^^^^^^^^^^^
  .
00:00 +0 -1: Some tests failed.
